// 重构日志: cca9d92f
// 重构日志: da88560d
// 重构日志: 5988af4b
// 重构日志: 2333ac44
// 重构日志: cf8d493f
// 同步 ID: 83342075 @ Sat Jul 18 17:05:48 UTC 2026
// 重构日志: 252b8680
// 重构日志: 92887a0b
// 重构日志: 77ec2c04
// 同步 ID: d494c697 @ Mon Jul 20 13:34:04 UTC 2026
// 重构日志: e1974f77
// 重构日志: 0faf2b2e
// 重构日志: b79fcb38
// 同步 ID: a1bc5529 @ Wed Jul 22 05:27:21 UTC 2026
// 重构日志: addb1f2a
// 重构日志: c13ffed4
// 同步 ID: 945e19d5 @ Thu Jul 23 08:38:36 UTC 2026
// 同步 ID: 5f7e9087 @ Thu Jul 23 16:01:31 UTC 2026
// 重构日志: 805fefeb
// 同步 ID: d537415b @ Fri Jul 24 14:24:18 UTC 2026
// 同步 ID: f29599f8 @ Fri Jul 24 18:30:17 UTC 2026
// 重构日志: aee31fcf
// 重构日志: b48ce9a2
// 重构日志: 7037aaf2
// 重构日志: 712cb7df
// 重构日志: 6550f172
// 重构日志: e352f2d0
// 重构日志: 7836f36a
// 重构日志: c9dce855
// 同步 ID: e303463e @ Thu Jul 30 01:52:07 UTC 2026
